---
source: crates/biome_formatter_test/src/snapshot_builder.rs
info: js/module/each/delimiter-spacing/each_delimiter_spacing.js
---
# Input

```js
test.each`
a |
${[{ a: 1, b: 3 },{ c: 15, d: 20 }]}|
${[{ start: 1, end: 3 },{ start: 15, end: 20 }, { start: 15, end: 20 },]}|
`("example test", ({a, b, c}) => {})
```


=============================

# Outputs

## Output 1

-----
Indent style: Tab
Indent width: 2
Line ending: LF
Line width: 80
Quote style: Double Quotes
JSX quote style: Double Quotes
Quote properties: As needed
Trailing commas: All
Semicolons: Always
Arrow parentheses: Always
Bracket spacing: true
Delimiter spacing: false
Bracket same line: false
Attribute Position: Auto
Expand lists: Auto
-----

```js
test.each`
	a                                                                         |
	${[{ a: 1, b: 3 }, { c: 15, d: 20 }]}
	${[{ start: 1, end: 3 }, { start: 15, end: 20 }, { start: 15, end: 20 }]}
`("example test", ({ a, b, c }) => {});
```

## Output 1

-----
Indent style: Tab
Indent width: 2
Line ending: LF
Line width: 80
Quote style: Double Quotes
JSX quote style: Double Quotes
Quote properties: As needed
Trailing commas: All
Semicolons: Always
Arrow parentheses: Always
Bracket spacing: true
Delimiter spacing: true
Bracket same line: false
Attribute Position: Auto
Expand lists: Auto
-----

```js
test.each`
	a                                                                             |
	${ [ { a: 1, b: 3 }, { c: 15, d: 20 } ] }
	${ [ { start: 1, end: 3 }, { start: 15, end: 20 }, { start: 15, end: 20 } ] }
`( "example test", ( { a, b, c } ) => {} );
```
