---
source: crates/biome_formatter_test/src/snapshot_builder.rs
info: js/module/declarations/delimiter-spacing/declarations_delimiter_spacing.js
---
# Input

```js
describe(`${foo + bar}`, 
    () => {}
  );

// has new line
var loooooooooooooooooooooooooong1 = fnfnfnfnfnfnfnfnfnfnfnfnfnfnfnfnfnfnfnfnfnfnfnfnfnfnfnfnfnfnfnfnfnfnfn(`123123
 dsa`);
let loooooooooooooooooooooooooong2 = objdddddddddectobjdddsadsadddddddect(`123123
dsa`).ewqeqewqweqweqweqweqweqweqw;
let loooooooooooooooooooooooooong3 = objdddddddddectobjddsadsaddddddddect(`123123
 dsa`)[dsadsadsadsadsadsadsa]().ewqoewqoeiowqieopwqie  

// has new line
var loooooooooooooooooooooooooooooooooooooooooooooooooooooooooooooooooooooooooooooooong1 = this(`123123
 dsa`);
let loooooooooooooooooooooooooooooooooooooooooooooooooooooooooooooooooooooooooooooooong2 = this(`123123
dsa`).ewqeqewqweqweqweqweqweqweqw;
let loooooooooooooooooooooooooooooooooooooooooooooooooooooooooooooooooooooooooooooooong3 = this(`123123
 dsa`)[dsadsadsadsadsadsadsa]().ewqoewqoeiowqieopwqie
```


=============================

# Outputs

## Output 1

-----
Indent style: Tab
Indent width: 2
Line ending: LF
Line width: 80
Quote style: Double Quotes
JSX quote style: Double Quotes
Quote properties: As needed
Trailing commas: All
Semicolons: Always
Arrow parentheses: Always
Bracket spacing: true
Delimiter spacing: false
Bracket same line: false
Attribute Position: Auto
Expand lists: Auto
-----

```js
describe(`${foo + bar}`, () => {});

// has new line
var loooooooooooooooooooooooooong1 =
	fnfnfnfnfnfnfnfnfnfnfnfnfnfnfnfnfnfnfnfnfnfnfnfnfnfnfnfnfnfnfnfnfnfnfn(`123123
 dsa`);
let loooooooooooooooooooooooooong2 =
	objdddddddddectobjdddsadsadddddddect(`123123
dsa`).ewqeqewqweqweqweqweqweqweqw;
let loooooooooooooooooooooooooong3 =
	objdddddddddectobjddsadsaddddddddect(`123123
 dsa`)[dsadsadsadsadsadsadsa]().ewqoewqoeiowqieopwqie;

// has new line
var loooooooooooooooooooooooooooooooooooooooooooooooooooooooooooooooooooooooooooooooong1 =
	this(`123123
 dsa`);
let loooooooooooooooooooooooooooooooooooooooooooooooooooooooooooooooooooooooooooooooong2 =
	this(`123123
dsa`).ewqeqewqweqweqweqweqweqweqw;
let loooooooooooooooooooooooooooooooooooooooooooooooooooooooooooooooooooooooooooooooong3 =
	this(`123123
 dsa`)[dsadsadsadsadsadsadsa]().ewqoewqoeiowqieopwqie;
```

# Lines exceeding max width of 80 characters
```
   15: var loooooooooooooooooooooooooooooooooooooooooooooooooooooooooooooooooooooooooooooooong1 =
   18: let loooooooooooooooooooooooooooooooooooooooooooooooooooooooooooooooooooooooooooooooong2 =
   21: let loooooooooooooooooooooooooooooooooooooooooooooooooooooooooooooooooooooooooooooooong3 =
```

## Output 1

-----
Indent style: Tab
Indent width: 2
Line ending: LF
Line width: 80
Quote style: Double Quotes
JSX quote style: Double Quotes
Quote properties: As needed
Trailing commas: All
Semicolons: Always
Arrow parentheses: Always
Bracket spacing: true
Delimiter spacing: true
Bracket same line: false
Attribute Position: Auto
Expand lists: Auto
-----

```js
describe( `${ foo + bar }`, () => {} );

// has new line
var loooooooooooooooooooooooooong1 =
	fnfnfnfnfnfnfnfnfnfnfnfnfnfnfnfnfnfnfnfnfnfnfnfnfnfnfnfnfnfnfnfnfnfnfn( `123123
 dsa` );
let loooooooooooooooooooooooooong2 =
	objdddddddddectobjdddsadsadddddddect( `123123
dsa` ).ewqeqewqweqweqweqweqweqweqw;
let loooooooooooooooooooooooooong3 =
	objdddddddddectobjddsadsaddddddddect( `123123
 dsa` )[dsadsadsadsadsadsadsa]().ewqoewqoeiowqieopwqie;

// has new line
var loooooooooooooooooooooooooooooooooooooooooooooooooooooooooooooooooooooooooooooooong1 =
	this( `123123
 dsa` );
let loooooooooooooooooooooooooooooooooooooooooooooooooooooooooooooooooooooooooooooooong2 =
	this( `123123
dsa` ).ewqeqewqweqweqweqweqweqweqw;
let loooooooooooooooooooooooooooooooooooooooooooooooooooooooooooooooooooooooooooooooong3 =
	this( `123123
 dsa` )[dsadsadsadsadsadsadsa]().ewqoewqoeiowqieopwqie;
```

# Lines exceeding max width of 80 characters
```
   15: var loooooooooooooooooooooooooooooooooooooooooooooooooooooooooooooooooooooooooooooooong1 =
   18: let loooooooooooooooooooooooooooooooooooooooooooooooooooooooooooooooooooooooooooooooong2 =
   21: let loooooooooooooooooooooooooooooooooooooooooooooooooooooooooooooooooooooooooooooooong3 =
```
