---
source: crates/biome_formatter_test/src/snapshot_builder.rs
info: js/module/binding/delimiter-spacing/binding_delimiter_spacing.js
---
# Input

```js
function foo() {}
function foo(foo) {}
function foo({ foo }) {}
function foo([foo]) {}
function foo({ loooooooooooooooooooooooooooooooooooooooooooooooooooooooooooooooooooong }) {}
async function foo(foo) {}
function* foo(foo) {}
async function* foo(foo) {}

() => {}
(foo) => {}
({ foo }) => {}
([foo]) => {}
({ looooooooooooooooooooooooooooooooooooooooooooooooooooooooooooooooooooooooooooooooong }) => {}
async (foo) => {}

```


=============================

# Outputs

## Output 1

-----
Indent style: Tab
Indent width: 2
Line ending: LF
Line width: 80
Quote style: Double Quotes
JSX quote style: Double Quotes
Quote properties: As needed
Trailing commas: All
Semicolons: Always
Arrow parentheses: Always
Bracket spacing: true
Delimiter spacing: false
Bracket same line: false
Attribute Position: Auto
Expand lists: Auto
-----

```js
function foo() {}
function foo(foo) {}
function foo({ foo }) {}
function foo([foo]) {}
function foo({
	loooooooooooooooooooooooooooooooooooooooooooooooooooooooooooooooooooong,
}) {}
async function foo(foo) {}
function* foo(foo) {}
async function* foo(foo) {}

() => {};
(foo) => {};
({ foo }) => {};
([foo]) => {};
({
	looooooooooooooooooooooooooooooooooooooooooooooooooooooooooooooooooooooooooooooooong,
}) => {};
async (foo) => {};
```

# Lines exceeding max width of 80 characters
```
   17: 	looooooooooooooooooooooooooooooooooooooooooooooooooooooooooooooooooooooooooooooooong,
```

## Output 1

-----
Indent style: Tab
Indent width: 2
Line ending: LF
Line width: 80
Quote style: Double Quotes
JSX quote style: Double Quotes
Quote properties: As needed
Trailing commas: All
Semicolons: Always
Arrow parentheses: Always
Bracket spacing: true
Delimiter spacing: true
Bracket same line: false
Attribute Position: Auto
Expand lists: Auto
-----

```js
function foo() {}
function foo( foo ) {}
function foo( { foo } ) {}
function foo( [ foo ] ) {}
function foo( {
	loooooooooooooooooooooooooooooooooooooooooooooooooooooooooooooooooooong,
} ) {}
async function foo( foo ) {}
function* foo( foo ) {}
async function* foo( foo ) {}

() => {};
( foo ) => {};
( { foo } ) => {};
( [ foo ] ) => {};
( {
	looooooooooooooooooooooooooooooooooooooooooooooooooooooooooooooooooooooooooooooooong,
} ) => {};
async ( foo ) => {};
```

# Lines exceeding max width of 80 characters
```
   17: 	looooooooooooooooooooooooooooooooooooooooooooooooooooooooooooooooooooooooooooooooong,
```
